MPLINK 4.49, Linker
Linker Map File - Created Tue Oct 01 13:10:00 2013

                                 Section Info
                  Section       Type    Address   Location Size(Bytes)
                ---------  ---------  ---------  ---------  ---------
                   .org_0       code   0x000000    program   0x000000
                   .org_1       code   0x000000    program   0x000002
                   .org_2       code   0x000004    program   0x000098
     .config_2007_ADC_E.O       code   0x002007    program   0x000002
     .config_2008_ADC_E.O       code   0x002008    program   0x000002



                              Program Memory Usage 
                               Start         End      
                           ---------   ---------      
                            0x000000    0x000000      
                            0x000004    0x00004f      
                            0x002007    0x002008      
            79 out of 8455 program addresses used, program memory utilization is 0%



                              Symbols - Sorted by Name
                     Name    Address   Location    Storage File                     
                ---------  ---------  ---------  --------- ---------                
                    CICLO   0x00001f    program     static C:\Users\Ana Bertha\Dropbox\Maestría en Ciencias de la Computación\Semestre 1\Sistemas de Computo\proyectos_sistemasdecomputo\adc_e.asm
                   FININT   0x00004b    program     static C:\Users\Ana Bertha\Dropbox\Maestría en Ciencias de la Computación\Semestre 1\Sistemas de Computo\proyectos_sistemasdecomputo\adc_e.asm
                   INICIO   0x000005    program     static C:\Users\Ana Bertha\Dropbox\Maestría en Ciencias de la Computación\Semestre 1\Sistemas de Computo\proyectos_sistemasdecomputo\adc_e.asm
                    INTAD   0x00003e    program     static C:\Users\Ana Bertha\Dropbox\Maestría en Ciencias de la Computación\Semestre 1\Sistemas de Computo\proyectos_sistemasdecomputo\adc_e.asm
                    INTER   0x000024    program     static C:\Users\Ana Bertha\Dropbox\Maestría en Ciencias de la Computación\Semestre 1\Sistemas de Computo\proyectos_sistemasdecomputo\adc_e.asm
                  INTTMR0   0x00002c    program     static C:\Users\Ana Bertha\Dropbox\Maestría en Ciencias de la Computación\Semestre 1\Sistemas de Computo\proyectos_sistemasdecomputo\adc_e.asm



                              Symbols - Sorted by Address
                     Name    Address   Location    Storage File                     
                ---------  ---------  ---------  --------- ---------                
                   INICIO   0x000005    program     static C:\Users\Ana Bertha\Dropbox\Maestría en Ciencias de la Computación\Semestre 1\Sistemas de Computo\proyectos_sistemasdecomputo\adc_e.asm
                    CICLO   0x00001f    program     static C:\Users\Ana Bertha\Dropbox\Maestría en Ciencias de la Computación\Semestre 1\Sistemas de Computo\proyectos_sistemasdecomputo\adc_e.asm
                    INTER   0x000024    program     static C:\Users\Ana Bertha\Dropbox\Maestría en Ciencias de la Computación\Semestre 1\Sistemas de Computo\proyectos_sistemasdecomputo\adc_e.asm
                  INTTMR0   0x00002c    program     static C:\Users\Ana Bertha\Dropbox\Maestría en Ciencias de la Computación\Semestre 1\Sistemas de Computo\proyectos_sistemasdecomputo\adc_e.asm
                    INTAD   0x00003e    program     static C:\Users\Ana Bertha\Dropbox\Maestría en Ciencias de la Computación\Semestre 1\Sistemas de Computo\proyectos_sistemasdecomputo\adc_e.asm
                   FININT   0x00004b    program     static C:\Users\Ana Bertha\Dropbox\Maestría en Ciencias de la Computación\Semestre 1\Sistemas de Computo\proyectos_sistemasdecomputo\adc_e.asm


