MPLINK 4.49, Linker
Linker Map File - Created Tue Sep 10 15:58:25 2013

                                 Section Info
                  Section       Type    Address   Location Size(Bytes)
                ---------  ---------  ---------  ---------  ---------
                   .org_0       code   0x000000    program   0x000000
                   .org_1       code   0x000000    program   0x00001a



                              Program Memory Usage 
                               Start         End      
                           ---------   ---------      
                            0x000000    0x00000c      
            13 out of 8455 program addresses used, program memory utilization is 0%



                              Symbols - Sorted by Name
                     Name    Address   Location    Storage File                     
                ---------  ---------  ---------  --------- ---------                
                    FINAL   0x00000c    program     static C:\Users\trovana\Dropbox\Maestría en Ciencias de la Computación\Semestre 1\Sistemas de Computo\proyectos_sistemasdecomputo\case.asm
                     MAIN   0x000000    program     static C:\Users\trovana\Dropbox\Maestría en Ciencias de la Computación\Semestre 1\Sistemas de Computo\proyectos_sistemasdecomputo\case.asm
                    RESTA   0x00000a    program     static C:\Users\trovana\Dropbox\Maestría en Ciencias de la Computación\Semestre 1\Sistemas de Computo\proyectos_sistemasdecomputo\case.asm
                     SUMA   0x000008    program     static C:\Users\trovana\Dropbox\Maestría en Ciencias de la Computación\Semestre 1\Sistemas de Computo\proyectos_sistemasdecomputo\case.asm
                    TABLA   0x000005    program     static C:\Users\trovana\Dropbox\Maestría en Ciencias de la Computación\Semestre 1\Sistemas de Computo\proyectos_sistemasdecomputo\case.asm



                              Symbols - Sorted by Address
                     Name    Address   Location    Storage File                     
                ---------  ---------  ---------  --------- ---------                
                     MAIN   0x000000    program     static C:\Users\trovana\Dropbox\Maestría en Ciencias de la Computación\Semestre 1\Sistemas de Computo\proyectos_sistemasdecomputo\case.asm
                    TABLA   0x000005    program     static C:\Users\trovana\Dropbox\Maestría en Ciencias de la Computación\Semestre 1\Sistemas de Computo\proyectos_sistemasdecomputo\case.asm
                     SUMA   0x000008    program     static C:\Users\trovana\Dropbox\Maestría en Ciencias de la Computación\Semestre 1\Sistemas de Computo\proyectos_sistemasdecomputo\case.asm
                    RESTA   0x00000a    program     static C:\Users\trovana\Dropbox\Maestría en Ciencias de la Computación\Semestre 1\Sistemas de Computo\proyectos_sistemasdecomputo\case.asm
                    FINAL   0x00000c    program     static C:\Users\trovana\Dropbox\Maestría en Ciencias de la Computación\Semestre 1\Sistemas de Computo\proyectos_sistemasdecomputo\case.asm


