MPLINK 4.49, Linker
Linker Map File - Created Thu Oct 03 23:59:52 2013

                                 Section Info
                  Section       Type    Address   Location Size(Bytes)
                ---------  ---------  ---------  ---------  ---------
                   .org_0       code   0x000000    program   0x000000
                   .org_1       code   0x000000    program   0x000002
                   .org_2       code   0x000004    program   0x000088
 .config_2007_FINAL_ANA.O       code   0x002007    program   0x000002
 .config_2008_FINAL_ANA.O       code   0x002008    program   0x000002



                              Program Memory Usage 
                               Start         End      
                           ---------   ---------      
                            0x000000    0x000000      
                            0x000004    0x000047      
                            0x002007    0x002008      
            71 out of 8455 program addresses used, program memory utilization is 0%



                              Symbols - Sorted by Name
                     Name    Address   Location    Storage File                     
                ---------  ---------  ---------  --------- ---------                
                    CICLO   0x000015    program     static C:\Users\trovana\Dropbox\Maestría en Ciencias de la Computación\Semestre 1\Sistemas de Computo\proyectos_sistemasdecomputo\final_ana.asm
                   INICIO   0x000005    program     static C:\Users\trovana\Dropbox\Maestría en Ciencias de la Computación\Semestre 1\Sistemas de Computo\proyectos_sistemasdecomputo\final_ana.asm
               INIT_ADQUI   0x000039    program     static C:\Users\trovana\Dropbox\Maestría en Ciencias de la Computación\Semestre 1\Sistemas de Computo\proyectos_sistemasdecomputo\final_ana.asm
         INTERRUPTION_TMR   0x000023    program     static C:\Users\trovana\Dropbox\Maestría en Ciencias de la Computación\Semestre 1\Sistemas de Computo\proyectos_sistemasdecomputo\final_ana.asm
                    OPERA   0x00002d    program     static C:\Users\trovana\Dropbox\Maestría en Ciencias de la Computación\Semestre 1\Sistemas de Computo\proyectos_sistemasdecomputo\final_ana.asm
               RESPALDO_1   0x00001a    program     static C:\Users\trovana\Dropbox\Maestría en Ciencias de la Computación\Semestre 1\Sistemas de Computo\proyectos_sistemasdecomputo\final_ana.asm
               RESPALDO_2   0x00001e    program     static C:\Users\trovana\Dropbox\Maestría en Ciencias de la Computación\Semestre 1\Sistemas de Computo\proyectos_sistemasdecomputo\final_ana.asm



                              Symbols - Sorted by Address
                     Name    Address   Location    Storage File                     
                ---------  ---------  ---------  --------- ---------                
                   INICIO   0x000005    program     static C:\Users\trovana\Dropbox\Maestría en Ciencias de la Computación\Semestre 1\Sistemas de Computo\proyectos_sistemasdecomputo\final_ana.asm
                    CICLO   0x000015    program     static C:\Users\trovana\Dropbox\Maestría en Ciencias de la Computación\Semestre 1\Sistemas de Computo\proyectos_sistemasdecomputo\final_ana.asm
               RESPALDO_1   0x00001a    program     static C:\Users\trovana\Dropbox\Maestría en Ciencias de la Computación\Semestre 1\Sistemas de Computo\proyectos_sistemasdecomputo\final_ana.asm
               RESPALDO_2   0x00001e    program     static C:\Users\trovana\Dropbox\Maestría en Ciencias de la Computación\Semestre 1\Sistemas de Computo\proyectos_sistemasdecomputo\final_ana.asm
         INTERRUPTION_TMR   0x000023    program     static C:\Users\trovana\Dropbox\Maestría en Ciencias de la Computación\Semestre 1\Sistemas de Computo\proyectos_sistemasdecomputo\final_ana.asm
                    OPERA   0x00002d    program     static C:\Users\trovana\Dropbox\Maestría en Ciencias de la Computación\Semestre 1\Sistemas de Computo\proyectos_sistemasdecomputo\final_ana.asm
               INIT_ADQUI   0x000039    program     static C:\Users\trovana\Dropbox\Maestría en Ciencias de la Computación\Semestre 1\Sistemas de Computo\proyectos_sistemasdecomputo\final_ana.asm


