MPLINK 4.49, Linker
Linker Map File - Created Sat Oct 05 19:54:47 2013

                                 Section Info
                  Section       Type    Address   Location Size(Bytes)
                ---------  ---------  ---------  ---------  ---------
                   .org_0       code   0x000000    program   0x000000
                   .org_1       code   0x000000    program   0x000002
                   .org_2       code   0x000004    program   0x00012c



                              Program Memory Usage 
                               Start         End      
                           ---------   ---------      
                            0x000000    0x000000      
                            0x000004    0x000099      
            151 out of 8455 program addresses used, program memory utilization is 1%



                              Symbols - Sorted by Name
                     Name    Address   Location    Storage File                     
                ---------  ---------  ---------  --------- ---------                
                A_IGUAL_B   0x000096    program     static C:\Users\Ana Bertha\Dropbox\Maestría en Ciencias de la Computación\Semestre 1\Sistemas de Computo\proyectos_sistemasdecomputo\NOSE.ASM
                A_MAYOR_B   0x000092    program     static C:\Users\Ana Bertha\Dropbox\Maestría en Ciencias de la Computación\Semestre 1\Sistemas de Computo\proyectos_sistemasdecomputo\NOSE.ASM
                A_MENOR_B   0x00008e    program     static C:\Users\Ana Bertha\Dropbox\Maestría en Ciencias de la Computación\Semestre 1\Sistemas de Computo\proyectos_sistemasdecomputo\NOSE.ASM
                    CICLO   0x000041    program     static C:\Users\Ana Bertha\Dropbox\Maestría en Ciencias de la Computación\Semestre 1\Sistemas de Computo\proyectos_sistemasdecomputo\NOSE.ASM
             COMPARA_TEMP   0x000086    program     static C:\Users\Ana Bertha\Dropbox\Maestría en Ciencias de la Computación\Semestre 1\Sistemas de Computo\proyectos_sistemasdecomputo\NOSE.ASM
                   INICIO   0x000005    program     static C:\Users\Ana Bertha\Dropbox\Maestría en Ciencias de la Computación\Semestre 1\Sistemas de Computo\proyectos_sistemasdecomputo\NOSE.ASM
                INTE_TMR0   0x00004b    program     static C:\Users\Ana Bertha\Dropbox\Maestría en Ciencias de la Computación\Semestre 1\Sistemas de Computo\proyectos_sistemasdecomputo\NOSE.ASM
                INTE_TMR1   0x000055    program     static C:\Users\Ana Bertha\Dropbox\Maestría en Ciencias de la Computación\Semestre 1\Sistemas de Computo\proyectos_sistemasdecomputo\NOSE.ASM
                 MENU_INT   0x000044    program     static C:\Users\Ana Bertha\Dropbox\Maestría en Ciencias de la Computación\Semestre 1\Sistemas de Computo\proyectos_sistemasdecomputo\NOSE.ASM
                    OPERA   0x000066    program     static C:\Users\Ana Bertha\Dropbox\Maestría en Ciencias de la Computación\Semestre 1\Sistemas de Computo\proyectos_sistemasdecomputo\NOSE.ASM
               RESPALDO_1   0x00006f    program     static C:\Users\Ana Bertha\Dropbox\Maestría en Ciencias de la Computación\Semestre 1\Sistemas de Computo\proyectos_sistemasdecomputo\NOSE.ASM
               RESPALDO_2   0x000073    program     static C:\Users\Ana Bertha\Dropbox\Maestría en Ciencias de la Computación\Semestre 1\Sistemas de Computo\proyectos_sistemasdecomputo\NOSE.ASM
                     SINO   0x00007f    program     static C:\Users\Ana Bertha\Dropbox\Maestría en Ciencias de la Computación\Semestre 1\Sistemas de Computo\proyectos_sistemasdecomputo\NOSE.ASM
                      SI_   0x000078    program     static C:\Users\Ana Bertha\Dropbox\Maestría en Ciencias de la Computación\Semestre 1\Sistemas de Computo\proyectos_sistemasdecomputo\NOSE.ASM



                              Symbols - Sorted by Address
                     Name    Address   Location    Storage File                     
                ---------  ---------  ---------  --------- ---------                
                   INICIO   0x000005    program     static C:\Users\Ana Bertha\Dropbox\Maestría en Ciencias de la Computación\Semestre 1\Sistemas de Computo\proyectos_sistemasdecomputo\NOSE.ASM
                    CICLO   0x000041    program     static C:\Users\Ana Bertha\Dropbox\Maestría en Ciencias de la Computación\Semestre 1\Sistemas de Computo\proyectos_sistemasdecomputo\NOSE.ASM
                 MENU_INT   0x000044    program     static C:\Users\Ana Bertha\Dropbox\Maestría en Ciencias de la Computación\Semestre 1\Sistemas de Computo\proyectos_sistemasdecomputo\NOSE.ASM
                INTE_TMR0   0x00004b    program     static C:\Users\Ana Bertha\Dropbox\Maestría en Ciencias de la Computación\Semestre 1\Sistemas de Computo\proyectos_sistemasdecomputo\NOSE.ASM
                INTE_TMR1   0x000055    program     static C:\Users\Ana Bertha\Dropbox\Maestría en Ciencias de la Computación\Semestre 1\Sistemas de Computo\proyectos_sistemasdecomputo\NOSE.ASM
                    OPERA   0x000066    program     static C:\Users\Ana Bertha\Dropbox\Maestría en Ciencias de la Computación\Semestre 1\Sistemas de Computo\proyectos_sistemasdecomputo\NOSE.ASM
               RESPALDO_1   0x00006f    program     static C:\Users\Ana Bertha\Dropbox\Maestría en Ciencias de la Computación\Semestre 1\Sistemas de Computo\proyectos_sistemasdecomputo\NOSE.ASM
               RESPALDO_2   0x000073    program     static C:\Users\Ana Bertha\Dropbox\Maestría en Ciencias de la Computación\Semestre 1\Sistemas de Computo\proyectos_sistemasdecomputo\NOSE.ASM
                      SI_   0x000078    program     static C:\Users\Ana Bertha\Dropbox\Maestría en Ciencias de la Computación\Semestre 1\Sistemas de Computo\proyectos_sistemasdecomputo\NOSE.ASM
                     SINO   0x00007f    program     static C:\Users\Ana Bertha\Dropbox\Maestría en Ciencias de la Computación\Semestre 1\Sistemas de Computo\proyectos_sistemasdecomputo\NOSE.ASM
             COMPARA_TEMP   0x000086    program     static C:\Users\Ana Bertha\Dropbox\Maestría en Ciencias de la Computación\Semestre 1\Sistemas de Computo\proyectos_sistemasdecomputo\NOSE.ASM
                A_MENOR_B   0x00008e    program     static C:\Users\Ana Bertha\Dropbox\Maestría en Ciencias de la Computación\Semestre 1\Sistemas de Computo\proyectos_sistemasdecomputo\NOSE.ASM
                A_MAYOR_B   0x000092    program     static C:\Users\Ana Bertha\Dropbox\Maestría en Ciencias de la Computación\Semestre 1\Sistemas de Computo\proyectos_sistemasdecomputo\NOSE.ASM
                A_IGUAL_B   0x000096    program     static C:\Users\Ana Bertha\Dropbox\Maestría en Ciencias de la Computación\Semestre 1\Sistemas de Computo\proyectos_sistemasdecomputo\NOSE.ASM


