MPLINK 4.49, Linker
Linker Map File - Created Sat Oct 05 02:35:14 2013

                                 Section Info
                  Section       Type    Address   Location Size(Bytes)
                ---------  ---------  ---------  ---------  ---------
                   .org_0       code   0x000000    program   0x000000
                   .org_1       code   0x000000    program   0x000048
.config_2007_PRUEBA_MOTOR.O       code   0x002007    program   0x000002
.config_2008_PRUEBA_MOTOR.O       code   0x002008    program   0x000002



                              Program Memory Usage 
                               Start         End      
                           ---------   ---------      
                            0x000000    0x000023      
                            0x002007    0x002008      
            38 out of 8455 program addresses used, program memory utilization is 0%



                              Symbols - Sorted by Name
                     Name    Address   Location    Storage File                     
                ---------  ---------  ---------  --------- ---------                
                A_IGUAL_B   0x00001c    program     static C:\Users\trovana\Dropbox\Maestría en Ciencias de la Computación\Semestre 1\Sistemas de Computo\proyectos_sistemasdecomputo\PRUEBA_MOTOR.asm
                A_MAYOR_B   0x000019    program     static C:\Users\trovana\Dropbox\Maestría en Ciencias de la Computación\Semestre 1\Sistemas de Computo\proyectos_sistemasdecomputo\PRUEBA_MOTOR.asm
                A_MENOR_B   0x000016    program     static C:\Users\trovana\Dropbox\Maestría en Ciencias de la Computación\Semestre 1\Sistemas de Computo\proyectos_sistemasdecomputo\PRUEBA_MOTOR.asm
                    CICLO   0x00001f    program     static C:\Users\trovana\Dropbox\Maestría en Ciencias de la Computación\Semestre 1\Sistemas de Computo\proyectos_sistemasdecomputo\PRUEBA_MOTOR.asm
                   INICIO   0x000001    program     static C:\Users\trovana\Dropbox\Maestría en Ciencias de la Computación\Semestre 1\Sistemas de Computo\proyectos_sistemasdecomputo\PRUEBA_MOTOR.asm



                              Symbols - Sorted by Address
                     Name    Address   Location    Storage File                     
                ---------  ---------  ---------  --------- ---------                
                   INICIO   0x000001    program     static C:\Users\trovana\Dropbox\Maestría en Ciencias de la Computación\Semestre 1\Sistemas de Computo\proyectos_sistemasdecomputo\PRUEBA_MOTOR.asm
                A_MENOR_B   0x000016    program     static C:\Users\trovana\Dropbox\Maestría en Ciencias de la Computación\Semestre 1\Sistemas de Computo\proyectos_sistemasdecomputo\PRUEBA_MOTOR.asm
                A_MAYOR_B   0x000019    program     static C:\Users\trovana\Dropbox\Maestría en Ciencias de la Computación\Semestre 1\Sistemas de Computo\proyectos_sistemasdecomputo\PRUEBA_MOTOR.asm
                A_IGUAL_B   0x00001c    program     static C:\Users\trovana\Dropbox\Maestría en Ciencias de la Computación\Semestre 1\Sistemas de Computo\proyectos_sistemasdecomputo\PRUEBA_MOTOR.asm
                    CICLO   0x00001f    program     static C:\Users\trovana\Dropbox\Maestría en Ciencias de la Computación\Semestre 1\Sistemas de Computo\proyectos_sistemasdecomputo\PRUEBA_MOTOR.asm


