MPLINK 4.49, Linker
Linker Map File - Created Thu Aug 15 12:12:37 2013

                                 Section Info
                  Section       Type    Address   Location Size(Bytes)
                ---------  ---------  ---------  ---------  ---------
                   .org_0       code   0x000000    program   0x000000
                   .org_1       code   0x000000    program   0x000032



                              Program Memory Usage 
                               Start         End      
                           ---------   ---------      
                            0x000000    0x000018      
            25 out of 8455 program addresses used, program memory utilization is 0%



                              Symbols - Sorted by Name
                     Name    Address   Location    Storage File                     
                ---------  ---------  ---------  --------- ---------                
                      Mul   0x000006    program     static C:\Users\trovana\Documents\nose\prueba_mul.asm
                   inicio   0x000000    program     static C:\Users\trovana\Documents\nose\prueba_mul.asm
                 sgte_bit   0x000013    program     static C:\Users\trovana\Documents\nose\prueba_mul.asm
           sgte_iteracion   0x000009    program     static C:\Users\trovana\Documents\nose\prueba_mul.asm



                              Symbols - Sorted by Address
                     Name    Address   Location    Storage File                     
                ---------  ---------  ---------  --------- ---------                
                   inicio   0x000000    program     static C:\Users\trovana\Documents\nose\prueba_mul.asm
                      Mul   0x000006    program     static C:\Users\trovana\Documents\nose\prueba_mul.asm
           sgte_iteracion   0x000009    program     static C:\Users\trovana\Documents\nose\prueba_mul.asm
                 sgte_bit   0x000013    program     static C:\Users\trovana\Documents\nose\prueba_mul.asm


