MPLINK 4.49, Linker
Linker Map File - Created Tue Sep 10 15:53:48 2013

                                 Section Info
                  Section       Type    Address   Location Size(Bytes)
                ---------  ---------  ---------  ---------  ---------
                   .org_0       code   0x000000    program   0x000000
                   .org_1       code   0x000000    program   0x000012



                              Program Memory Usage 
                               Start         End      
                           ---------   ---------      
                            0x000000    0x000008      
            9 out of 8455 program addresses used, program memory utilization is 0%



                              Symbols - Sorted by Name
                     Name    Address   Location    Storage File                     
                ---------  ---------  ---------  --------- ---------                
                    CICLO   0x000002    program     static C:\Users\trovana\Dropbox\Maestría en Ciencias de la Computación\Semestre 1\Sistemas de Computo\proyectos_sistemasdecomputo\table.asm
                     MAIN   0x000000    program     static C:\Users\trovana\Dropbox\Maestría en Ciencias de la Computación\Semestre 1\Sistemas de Computo\proyectos_sistemasdecomputo\table.asm
                    TABLA   0x000006    program     static C:\Users\trovana\Dropbox\Maestría en Ciencias de la Computación\Semestre 1\Sistemas de Computo\proyectos_sistemasdecomputo\table.asm



                              Symbols - Sorted by Address
                     Name    Address   Location    Storage File                     
                ---------  ---------  ---------  --------- ---------                
                     MAIN   0x000000    program     static C:\Users\trovana\Dropbox\Maestría en Ciencias de la Computación\Semestre 1\Sistemas de Computo\proyectos_sistemasdecomputo\table.asm
                    CICLO   0x000002    program     static C:\Users\trovana\Dropbox\Maestría en Ciencias de la Computación\Semestre 1\Sistemas de Computo\proyectos_sistemasdecomputo\table.asm
                    TABLA   0x000006    program     static C:\Users\trovana\Dropbox\Maestría en Ciencias de la Computación\Semestre 1\Sistemas de Computo\proyectos_sistemasdecomputo\table.asm


