MPLINK 4.49, Linker
Linker Map File - Created Tue Sep 24 15:41:06 2013

                                 Section Info
                  Section       Type    Address   Location Size(Bytes)
                ---------  ---------  ---------  ---------  ---------
                   .org_0       code   0x000000    program   0x000000
                   .org_1       code   0x000000    program   0x00003a



                              Program Memory Usage 
                               Start         End      
                           ---------   ---------      
                            0x000000    0x00001c      
            29 out of 8455 program addresses used, program memory utilization is 0%



                              Symbols - Sorted by Name
                     Name    Address   Location    Storage File                     
                ---------  ---------  ---------  --------- ---------                
                    CICLO   0x00000e    program     static C:\Users\Ana Bertha\Dropbox\Maestría en Ciencias de la Computación\Semestre 1\Sistemas de Computo\proyectos_sistemasdecomputo\timer_edgar.asm
                   INICIO   0x000000    program     static C:\Users\Ana Bertha\Dropbox\Maestría en Ciencias de la Computación\Semestre 1\Sistemas de Computo\proyectos_sistemasdecomputo\timer_edgar.asm
                     MAIN   0x00000c    program     static C:\Users\Ana Bertha\Dropbox\Maestría en Ciencias de la Computación\Semestre 1\Sistemas de Computo\proyectos_sistemasdecomputo\timer_edgar.asm
                       SI   0x000015    program     static C:\Users\Ana Bertha\Dropbox\Maestría en Ciencias de la Computación\Semestre 1\Sistemas de Computo\proyectos_sistemasdecomputo\timer_edgar.asm
                     SINO   0x00001a    program     static C:\Users\Ana Bertha\Dropbox\Maestría en Ciencias de la Computación\Semestre 1\Sistemas de Computo\proyectos_sistemasdecomputo\timer_edgar.asm
                       YA   0x000011    program     static C:\Users\Ana Bertha\Dropbox\Maestría en Ciencias de la Computación\Semestre 1\Sistemas de Computo\proyectos_sistemasdecomputo\timer_edgar.asm



                              Symbols - Sorted by Address
                     Name    Address   Location    Storage File                     
                ---------  ---------  ---------  --------- ---------                
                   INICIO   0x000000    program     static C:\Users\Ana Bertha\Dropbox\Maestría en Ciencias de la Computación\Semestre 1\Sistemas de Computo\proyectos_sistemasdecomputo\timer_edgar.asm
                     MAIN   0x00000c    program     static C:\Users\Ana Bertha\Dropbox\Maestría en Ciencias de la Computación\Semestre 1\Sistemas de Computo\proyectos_sistemasdecomputo\timer_edgar.asm
                    CICLO   0x00000e    program     static C:\Users\Ana Bertha\Dropbox\Maestría en Ciencias de la Computación\Semestre 1\Sistemas de Computo\proyectos_sistemasdecomputo\timer_edgar.asm
                       YA   0x000011    program     static C:\Users\Ana Bertha\Dropbox\Maestría en Ciencias de la Computación\Semestre 1\Sistemas de Computo\proyectos_sistemasdecomputo\timer_edgar.asm
                       SI   0x000015    program     static C:\Users\Ana Bertha\Dropbox\Maestría en Ciencias de la Computación\Semestre 1\Sistemas de Computo\proyectos_sistemasdecomputo\timer_edgar.asm
                     SINO   0x00001a    program     static C:\Users\Ana Bertha\Dropbox\Maestría en Ciencias de la Computación\Semestre 1\Sistemas de Computo\proyectos_sistemasdecomputo\timer_edgar.asm


