MPLINK 4.49, Linker
Linker Map File - Created Wed Oct 02 00:48:09 2013

                                 Section Info
                  Section       Type    Address   Location Size(Bytes)
                ---------  ---------  ---------  ---------  ---------
                   .org_0       code   0x000000    program   0x000000
                   .org_1       code   0x000000    program   0x000036
.config_2007_TIMER1_1SEGUNDO.O       code   0x002007    program   0x000002
.config_2008_TIMER1_1SEGUNDO.O       code   0x002008    program   0x000002



                              Program Memory Usage 
                               Start         End      
                           ---------   ---------      
                            0x000000    0x00001a      
                            0x002007    0x002008      
            29 out of 8455 program addresses used, program memory utilization is 0%



                              Symbols - Sorted by Name
                     Name    Address   Location    Storage File                     
                ---------  ---------  ---------  --------- ---------                
                    Start   0x000001    program     static C:\Users\trovana\Dropbox\Maestría en Ciencias de la Computación\Semestre 1\Sistemas de Computo\proyectos_sistemasdecomputo\timer1_1segundo.asm
                    time1   0x00000f    program     static C:\Users\trovana\Dropbox\Maestría en Ciencias de la Computación\Semestre 1\Sistemas de Computo\proyectos_sistemasdecomputo\timer1_1segundo.asm



                              Symbols - Sorted by Address
                     Name    Address   Location    Storage File                     
                ---------  ---------  ---------  --------- ---------                
                    Start   0x000001    program     static C:\Users\trovana\Dropbox\Maestría en Ciencias de la Computación\Semestre 1\Sistemas de Computo\proyectos_sistemasdecomputo\timer1_1segundo.asm
                    time1   0x00000f    program     static C:\Users\trovana\Dropbox\Maestría en Ciencias de la Computación\Semestre 1\Sistemas de Computo\proyectos_sistemasdecomputo\timer1_1segundo.asm


