MPLINK 4.49, Linker
Linker Map File - Created Sat Oct 05 14:45:34 2013

                                 Section Info
                  Section       Type    Address   Location Size(Bytes)
                ---------  ---------  ---------  ---------  ---------
                   .org_0       code   0x000000    program   0x000000
                   .org_1       code   0x000000    program   0x000002
                   .org_2       code   0x000004    program   0x000084



                              Program Memory Usage 
                               Start         End      
                           ---------   ---------      
                            0x000000    0x000000      
                            0x000004    0x000045      
            67 out of 8455 program addresses used, program memory utilization is 0%



                              Symbols - Sorted by Name
                     Name    Address   Location    Storage File                     
                ---------  ---------  ---------  --------- ---------                
                    CICLO   0x00001d    program     static C:\Users\Ana Bertha\Dropbox\Maestría en Ciencias de la Computación\Semestre 1\Sistemas de Computo\proyectos_sistemasdecomputo\timer1_interr.asm
                 INTERRUP   0x000020    program     static C:\Users\Ana Bertha\Dropbox\Maestría en Ciencias de la Computación\Semestre 1\Sistemas de Computo\proyectos_sistemasdecomputo\timer1_interr.asm
               RESPALDO_1   0x000033    program     static C:\Users\Ana Bertha\Dropbox\Maestría en Ciencias de la Computación\Semestre 1\Sistemas de Computo\proyectos_sistemasdecomputo\timer1_interr.asm
               RESPALDO_2   0x000037    program     static C:\Users\Ana Bertha\Dropbox\Maestría en Ciencias de la Computación\Semestre 1\Sistemas de Computo\proyectos_sistemasdecomputo\timer1_interr.asm
                     SINO   0x000041    program     static C:\Users\Ana Bertha\Dropbox\Maestría en Ciencias de la Computación\Semestre 1\Sistemas de Computo\proyectos_sistemasdecomputo\timer1_interr.asm
                      SI_   0x00003c    program     static C:\Users\Ana Bertha\Dropbox\Maestría en Ciencias de la Computación\Semestre 1\Sistemas de Computo\proyectos_sistemasdecomputo\timer1_interr.asm
                   inicio   0x000005    program     static C:\Users\Ana Bertha\Dropbox\Maestría en Ciencias de la Computación\Semestre 1\Sistemas de Computo\proyectos_sistemasdecomputo\timer1_interr.asm



                              Symbols - Sorted by Address
                     Name    Address   Location    Storage File                     
                ---------  ---------  ---------  --------- ---------                
                   inicio   0x000005    program     static C:\Users\Ana Bertha\Dropbox\Maestría en Ciencias de la Computación\Semestre 1\Sistemas de Computo\proyectos_sistemasdecomputo\timer1_interr.asm
                    CICLO   0x00001d    program     static C:\Users\Ana Bertha\Dropbox\Maestría en Ciencias de la Computación\Semestre 1\Sistemas de Computo\proyectos_sistemasdecomputo\timer1_interr.asm
                 INTERRUP   0x000020    program     static C:\Users\Ana Bertha\Dropbox\Maestría en Ciencias de la Computación\Semestre 1\Sistemas de Computo\proyectos_sistemasdecomputo\timer1_interr.asm
               RESPALDO_1   0x000033    program     static C:\Users\Ana Bertha\Dropbox\Maestría en Ciencias de la Computación\Semestre 1\Sistemas de Computo\proyectos_sistemasdecomputo\timer1_interr.asm
               RESPALDO_2   0x000037    program     static C:\Users\Ana Bertha\Dropbox\Maestría en Ciencias de la Computación\Semestre 1\Sistemas de Computo\proyectos_sistemasdecomputo\timer1_interr.asm
                      SI_   0x00003c    program     static C:\Users\Ana Bertha\Dropbox\Maestría en Ciencias de la Computación\Semestre 1\Sistemas de Computo\proyectos_sistemasdecomputo\timer1_interr.asm
                     SINO   0x000041    program     static C:\Users\Ana Bertha\Dropbox\Maestría en Ciencias de la Computación\Semestre 1\Sistemas de Computo\proyectos_sistemasdecomputo\timer1_interr.asm


